AR redutorclock arcredutorclock /home/sd/Documents/Trabalho1/redutorClock.vhd sub00/vhpl25 1686167324
EN my_subtrator_4bit NULL /home/sd/Documents/Trabalho1/MY_SUBTRATOR.vhd sub00/vhpl16 1686167317
AR modulealu behavioral /home/sd/Documents/Trabalho1/ModuleALU.vhd sub00/vhpl09 1686167326
EN modulointerface NULL /home/sd/Documents/Trabalho1/ModuleInterface.vhd sub00/vhpl22 1686167327
EN moduletest NULL /home/sd/Documents/Trabalho1/ModuleTest.vhd sub00/vhpl10 1686162668
EN modulenot NULL /home/sd/Documents/Trabalho1/ModuleNOT.vhd sub00/vhpl05 1686167313
AR moduleor behavioral /home/sd/Documents/Trabalho1/ModuleOR.vhd sub00/vhpl04 1686167312
AR modulenot behavioral /home/sd/Documents/Trabalho1/ModuleNOT.vhd sub00/vhpl06 1686167314
AR my_subtrator_4bit behavioral /home/sd/Documents/Trabalho1/MY_SUBTRATOR.vhd sub00/vhpl17 1686167318
EN my_somador_4bit NULL /home/sd/Documents/Trabalho1/MY_SOMADOR.vhd sub00/vhpl14 1686167307
EN moduleor NULL /home/sd/Documents/Trabalho1/ModuleOR.vhd sub00/vhpl03 1686167311
EN my_somador_1bit NULL /home/sd/Documents/Trabalho1/SOMADOR_1BIT.vhd sub00/vhpl12 1686167305
EN moduleand NULL /home/sd/Documents/Trabalho1/ModuleAND.vhd sub00/vhpl01 1686167309
EN modulealu NULL /home/sd/Documents/Trabalho1/ModuleALU.vhd sub00/vhpl00 1686167325
EN redutorclock NULL /home/sd/Documents/Trabalho1/redutorClock.vhd sub00/vhpl24 1686167323
EN my_c2 NULL /home/sd/Documents/Trabalho1/MY_C2.vhd sub00/vhpl20 1686167321
AR my_c2 behavioral /home/sd/Documents/Trabalho1/MY_C2.vhd sub00/vhpl21 1686167322
EN modulexor NULL /home/sd/Documents/Trabalho1/ModuleXOR.vhd sub00/vhpl07 1686167315
AR modulointerface behavioral /home/sd/Documents/Trabalho1/ModuleInterface.vhd sub00/vhpl23 1686167328
AR my_somador_4bit behavioral /home/sd/Documents/Trabalho1/MY_SOMADOR.vhd sub00/vhpl15 1686167308
AR moduletest behavioral /home/sd/Documents/Trabalho1/ModuleTest.vhd sub00/vhpl11 1686162669
AR my_somador_1bit behavioral /home/sd/Documents/Trabalho1/SOMADOR_1BIT.vhd sub00/vhpl13 1686167306
AR modulexor behavioral /home/sd/Documents/Trabalho1/ModuleXOR.vhd sub00/vhpl08 1686167316
AR moduleand behavioral /home/sd/Documents/Trabalho1/ModuleAND.vhd sub00/vhpl02 1686167310
EN my_multiplicador NULL /home/sd/Documents/Trabalho1/MY_MULTIPLICADOR.vhd sub00/vhpl18 1686167319
AR my_multiplicador behavioral /home/sd/Documents/Trabalho1/MY_MULTIPLICADOR.vhd sub00/vhpl19 1686167320
